RAM Allocation [bytes]
Variable                                                                          Address   Size
------------------------------------------------------------------------------------------------
TAB                                                                               0x0200       8
A0                                                                                0x0208       6
A1                                                                                0x020E       6
A2                                                                                0x0214       6
A3                                                                                0x021A       6
OUT                                                                               0x0220       4

EEPROM Allocation [bytes]
Variable                                                                          Address   Size
------------------------------------------------------------------------------------------------

Register Allocation
Variable                                                                          Register  Size
------------------------------------------------------------------------------------------------
input                                                                             R4           1
Y                                                                                 R3           1
Q                                                                                 R6           1
index                                                                             R7,R8        2
i                                                                                 R5           1
ready                                                                             R10          1

FLASH Allocation [words]
Function                                                                          Address   Size
------------------------------------------------------------------------------------------------
timer0_ovf_isr                                                                    0x00092      5
main                                                                              0x00097    163
